// Jest Snapshot v1, https://goo.gl/fbAQLP

exports[`Snapshot of Home component 1`] = `
<div
  className="MuiBox-root css-q7q1yu"
  role="loadbtn"
>
  <span
    className="MuiCircularProgress-root MuiCircularProgress-indeterminate MuiCircularProgress-colorPrimary css-1gw1ctm-MuiCircularProgress-root"
    role="progressbar"
    style={
      Object {
        "height": 40,
        "width": 40,
      }
    }
  >
    <svg
      className="MuiCircularProgress-svg css-1idz92c-MuiCircularProgress-svg"
      viewBox="22 22 44 44"
    >
      <circle
        className="MuiCircularProgress-circle MuiCircularProgress-circleIndeterminate css-176wh8e-MuiCircularProgress-circle"
        cx={44}
        cy={44}
        fill="none"
        r={20.2}
        strokeWidth={3.6}
        style={Object {}}
      />
    </svg>
  </span>
</div>
`;
